2026-10-01 08:40:31 - Starting BackendAssignmentApplicationTests using Java 25.0.4.1 with PID 65674 (started by codespace in /workspaces/reactjs-java/java)
2026-10-01 08:40:31 - No active profile set, falling back to 1 default profile: "default"
2026-10-01 08:40:32 - Bootstrapping Spring Data JPA repositories in DEFAULT mode.
2026-10-01 08:40:32 - Finished Spring Data repository scanning in 115 ms. Found 1 JPA repository interface.
2026-10-01 08:40:33 - HHH008540: Processing PersistenceUnitInfo [name: default]
2026-10-01 08:40:33 - HHH000001: Hibernate ORM core version 7.4.5.Final
2026-10-01 08:40:34 - No LoadTimeWeaver setup: ignoring JPA class transformer
2026-10-01 08:40:34 - HikariPool-1 - Starting...
2026-10-01 08:40:36 - HikariPool-1 - Added connection conn0: url=jdbc:h2:mem:TESTDB user=SA
2026-10-01 08:40:36 - HikariPool-1 - Start completed.
2026-10-01 08:40:36 - HHH90000025: H2Dialect does not need to be specified explicitly using 'hibernate.dialect' (remove the property setting and it will be selected by default)
2026-10-01 08:40:36 - HHH10001005: Database info:
	Database JDBC URL [jdbc:h2:mem:TESTDB]
	Database driver: H2 JDBC Driver
	Database dialect: H2Dialect
	Database version: 2.4.240
	Default catalog/schema: TESTDB/PUBLIC
	Autocommit mode: undefined/unknown
	Isolation level: READ_COMMITTED [default READ_COMMITTED]
	JDBC fetch size: 100
	Pool: DataSourceConnectionProvider
	Minimum pool size: undefined/unknown
	Maximum pool size: undefined/unknown
2026-10-01 08:40:37 - HHH000489: No JTA platform available (set 'hibernate.transaction.jta.platform' to enable JTA platform integration)
2026-10-01 08:40:38 - Initialized JPA EntityManagerFactory for persistence unit 'default'
2026-10-01 08:40:38 - Hibernate is in classpath; If applicable, HQL parser will be used.
2026-10-01 08:40:38 - spring.jpa.open-in-view is enabled by default. Therefore, database queries may be performed during view rendering. Explicitly configure spring.jpa.open-in-view to disable this warning
2026-10-01 08:40:39 - Started BackendAssignmentApplicationTests in 9.996 seconds (process running for 12.958)
2026-10-01 08:40:40 - Closing JPA EntityManagerFactory for persistence unit 'default'
2026-10-01 08:40:40 - HikariPool-1 - Shutdown initiated...
2026-10-01 08:40:40 - HikariPool-1 - Shutdown completed.
